A 0.30791363
B 0.21580945
C 0.30791363
D 0.16836329
