node1 0.10235714
node2 0.06742857
node3 0.06742857
node4 0.06392857
node5 0.06392857
node6 0.07100000
node7 0.06392857
node8 0.10235714
node9 0.06742857
node10 0.06742857
node11 0.06392857
node12 0.06392857
node13 0.07100000
node14 0.06392857
