node1 0.07874771
node2 0.03716713
node3 0.03716713
node4 0.01940572
node5 0.01940572
node6 0.01940572
node7 0.01940572
node8 0.01177854
node9 0.01177854
node10 0.01177854
node11 0.01177854
node12 0.01177854
node13 0.01177854
node14 0.02017868
node15 0.01177854
node16 0.07874771
node17 0.03716713
node18 0.03716713
node19 0.01940572
node20 0.01940572
node21 0.01940572
node22 0.01940572
node23 0.01177854
node24 0.01177854
node25 0.01177854
node26 0.01177854
node27 0.01177854
node28 0.01177854
node29 0.02017868
node30 0.01177854
node31 0.07874771
node32 0.03716713
node33 0.03716713
node34 0.01940572
node35 0.01940572
node36 0.01940572
node37 0.01940572
node38 0.01177854
node39 0.01177854
node40 0.01177854
node41 0.01177854
node42 0.01177854
node43 0.01177854
node44 0.02017868
node45 0.01177854
