A 0.31545034
B 0.21045139
C 0.31545034
D 0.15864792
